#-----------------------------------------------------------
# Vivado v2018.2 (64-bit)
# SW Build 2258646 on Thu Jun 14 20:03:12 MDT 2018
# IP Build 2256618 on Thu Jun 14 22:10:49 MDT 2018
# Start of session at: Thu May 30 13:52:06 2019
# Process ID: 1484
# Current directory: F:/COD/lab5/MUL_MIPS_CPU
# Command line: vivado.exe -gui_launcher_event rodinguilauncherevent6820 F:\COD\lab5\MUL_MIPS_CPU\MUL_MIPS_CPU.xpr
# Log file: F:/COD/lab5/MUL_MIPS_CPU/vivado.log
# Journal file: F:/COD/lab5/MUL_MIPS_CPU\vivado.jou
#-----------------------------------------------------------
start_gui
open_project F:/COD/lab5/MUL_MIPS_CPU/MUL_MIPS_CPU.xpr
update_compile_order -fileset sources_1
launch_simulation
source ddu_sim.tcl
current_wave_config {Untitled 1}
add_wave {{/ddu_sim/ddu_dut/cpu_dut/Instruction}} 
current_wave_config {Untitled 1}
add_wave {{/ddu_sim/ddu_dut/cpu_dut/PC}} 
restart
run 500 ns
run 500 ns
run 500 ns
run 500 ns
run 500 ns
run 500 ns
run 500 ns
run 500 ns
run 500 ns
run 500 ns
run 500 ns
run 500 ns
run 500 ns
run 500 ns
run 500 ns
run 500 ns
run 500 ns
run 500 ns
run 500 ns
run 500 ns
run 500 ns
run 500 ns
run 500 ns
run 500 ns
run 500 ns
run 500 ns
run 500 ns
run 5 us
run 5 us
run 5 us
run 5 us
run 5 us
current_wave_config {Untitled 1}
add_wave {{/ddu_sim/ddu_dut/cpu_dut/cu/current_state}} 
restart
run 38 us
close_sim
